// Jest Snapshot v1, https://goo.gl/fbAQLP

exports[`pino-print 1`] = `
Array [
  "[22m[39m [31m500[39m [31mTestError: blah blah blah[39m [2min 116ms[22m",
  "[22m[39m [37m201[39m [37mA user forgot their password[39m [2min 288ms[22m",
  "{ Error => \`Lalala-la lalal-la Elmo's world!\` }",
]
`;
