// Jest Snapshot v1, https://goo.gl/fbAQLP

exports[`pino-print 1`] = `
Array [
  "[22m[39m [31m500[39m [31m/test[39m [31mTestError: blah blah blah[39m [2min 116ms[22m",
  " 201 /api/password-reset A user forgot their password in 288ms",
  "{ Error => \`Lalala-la lalal-la Elmo's world!\` }",
  " 200 /static/ygritte.gif in 98ms",
]
`;
