// Jest Snapshot v1, https://goo.gl/fbAQLP

exports[`pino-print 1`] = `"🚫  [31m[1m[37m[1m12/5/2018 3:56:35.681pm ●[1m[31m[22m[39m [31m500[39m [31mTestError: blah blah blah[39m [2min 116ms[22m"`;

exports[`pino-print 2`] = `"[37m[1m12/5/2018 3:56:31.245pm ●[22m[39m [37m201[39m [37mA user forgot their password[39m [2min 288ms[22m"`;
